start_plugin: this is defined in the plugin
print_message: this is defined in the main binary
CHECK_VIOLATION: seg faulted as expected
