read 23 from shared variable
writing 24 to shared variable
read 254 from shared variable
writing 255 to shared variable
