in child
data in library: 900
data is 30
in parent
data in library: 900
data is 30
