CHECK: errno=5, pkru=
CHECK-NEXT: library: lib secret is 1eaf1e55
CHECK-NEXT: main: main secret is deadbeef
CHECK-NEXT: errno=5, pkru=fffffff0
CHECK-NEXT: library: lib secret is 1eaf1e55
CHECK-NEXT: errno=5, pkru=fffffff0
CHECK-NEXT: pkru=fffffff0
CHECK-NEXT: errno=5
CHECK-NEXT: library: accessing main secret at 
CHECK-NEXT: CHECK_VIOLATION: seg faulted as expected
