recursion_main: 5
recursion_dso: 4
recursion_main: 3
recursion_dso: 2
recursion_main: 1
recursion_dso: 0
