TRUSTED: the secret is deadbeef
CHECK_VIOLATION: unexpected seg fault
