TRUSTED: the secret is deadbeef
CHECK_VIOLATION: did not seg fault as expected
