dav1d_get_picture post condition ran
negative stride
