name config1
num_options 4
debug_mode false
magic_val (deadbeef, ddccbbaa)
random_seed 42
name builtin_config
num_options 3
array [11, 22, 33]
