main: this is the plugin's string

main: 0x730283
CHECK_VIOLATION: seg faulted as expected
