TRUSTED: the secret is deadbeef
SIGNAL HANDLER: unexpected seg fault
