TRUSTED: the secret is deadbeef
SIGNAL HANDLER: did not seg fault as expected
