TRUSTED: the secret is deadbeef
CHECK_VIOLATION: seg faulted as expected
