43312 = f(18923, 24389)
461513047 = f(18923, 24389)
