main: checking if the main secret is safe
start_plugin: this is defined in the plugin
start_plugin: the plugin secret is 78341244
print_message: this is defined in the main binary
print_message: the main secret is 9431233
CHECK_VIOLATION: seg faulted as expected
